// Jest Snapshot v1, https://goo.gl/fbAQLP

exports[`render bill list 1`] = `
Array [
  <BillAssignment
    key="a4714460-a11c-4681-a21d-c7de2c57a02c"
    part={
      Object {
        "id": "a4714460-a11c-4681-a21d-c7de2c57a02c",
        "name": "user1",
      }
    }
  />,
  <BillAssignment
    key="ac33c426-53c4-4d38-ba0f-f8e569a9a507"
    part={
      Object {
        "id": "ac33c426-53c4-4d38-ba0f-f8e569a9a507",
        "name": "user2",
      }
    }
  />,
  <BillAssignment
    key="3712fdf0-5b62-41b6-9442-b35a41d5ec81"
    part={
      Object {
        "id": "3712fdf0-5b62-41b6-9442-b35a41d5ec81",
        "name": "user3",
      }
    }
  />,
  <BillAssignment
    key="6be42a94-61eb-47d4-8552-0369487f015c"
    part={
      Object {
        "id": "6be42a94-61eb-47d4-8552-0369487f015c",
        "name": "user4",
      }
    }
  />,
]
`;
